≡ƒôè Proyectos encontrados (Admin): 16
